raman@Raman MINGW64 ~/OneDrive/Desktop/Code/Bits Pilani/Semester_4/Dissertation/Smart_Fitness_Assistant
$ git init
Initialized empty Git repository in C:/Users/raman/OneDrive/Desktop/Code/Bits Pilani/Semester_4/Dissertation/Smart_Fitness_Assistant/.git/

raman@Raman MINGW64 ~/OneDrive/Desktop/Code/Bits Pilani/Semester_4/Dissertation/Smart_Fitness_Assistant (master)
$ git remote add origin https://github.com/Ramansehgal/Fitness_Assistant.git

raman@Raman MINGW64 ~/OneDrive/Desktop/Code/Bits Pilani/Semester_4/Dissertation/Smart_Fitness_Assistant (master)
$ git pull
remote: Enumerating objects: 4, done.
remote: Counting objects: 100% (4/4), done.
remote: Compressing objects: 100% (4/4), done.
remote: Total 4 (delta 0), reused 0 (delta 0), pack-reused 0 (from 0)
Unpacking objects: 100% (4/4), 1.55 KiB | 264.00 KiB/s, done.
From https://github.com/Ramansehgal/Fitness_Assistant
 * [new branch]      main       -> origin/main
There is no tracking information for the current branch.
Please specify which branch you want to merge with.
See git-pull(1) for details.

    git pull <remote> <branch>

If you wish to set tracking information for this branch you can do so with:

    git branch --set-upstream-to=origin/<branch> master


raman@Raman MINGW64 ~/OneDrive/Desktop/Code/Bits Pilani/Semester_4/Dissertation/Smart_Fitness_Assistant (master)
$ git status
On branch master

No commits yet

Untracked files:
  (use "git add <file>..." to include in what will be committed)
        Notes.txt

nothing added to commit but untracked files present (use "git add" to track)

raman@Raman MINGW64 ~/OneDrive/Desktop/Code/Bits Pilani/Semester_4/Dissertation/Smart_Fitness_Assistant (master)

raman@Raman MINGW64 ~/OneDrive/Desktop/Code/Bits Pilani/Semester_4/Dissertation/Smart_Fitness_Assistant (master)
$ git commit -m "git_setupstatus"
Author identity unknown

*** Please tell me who you are.

Run

  git config --global user.email "you@example.com"
  git config --global user.name "Your Name"

to set your account's default identity.
Omit --global to set the identity only in this repository.

fatal: unable to auto-detect email address (got 'raman@Raman.(none)')

raman@Raman MINGW64 ~/OneDrive/Desktop/Code/Bits Pilani/Semester_4/Dissertation/Smart_Fitness_Assistant (master)
$ git config --global user.email "ramansehgal174@gmail.com"

raman@Raman MINGW64 ~/OneDrive/Desktop/Code/Bits Pilani/Semester_4/Dissertation/Smart_Fitness_Assistant (master)
$ git config --global user.name "Ramansehgal"

raman@Raman MINGW64 ~/OneDrive/Desktop/Code/Bits Pilani/Semester_4/Dissertation/Smart_Fitness_Assistant (master)
$ git add .

raman@Raman MINGW64 ~/OneDrive/Desktop/Code/Bits Pilani/Semester_4/Dissertation/Smart_Fitness_Assistant (master)
$ git status
On branch master

No commits yet

Changes to be committed:
  (use "git rm --cached <file>..." to unstage)
        new file:   Notes.txt

raman@Raman MINGW64 ~/OneDrive/Desktop/Code/Bits Pilani/Semester_4/Dissertation/Smart_Fitness_Assistant (master)
$ git commit -m "Inital Git Understanding"
[master (root-commit) c9d1c0b] Inital Git Understanding
 1 file changed, 62 insertions(+)
 create mode 100644 Notes.txt

 raman@Raman MINGW64 ~/OneDrive/Desktop/Code/Bits Pilani/Semester_4/Dissertation/Smart_Fitness_Assistant (master)
$ git commit -m "git_setupstatus"
Author identity unknown

*** Please tell me who you are.

Run

  git config --global user.email "you@example.com"
  git config --global user.name "Your Name"

to set your account's default identity.
Omit --global to set the identity only in this repository.

fatal: unable to auto-detect email address (got 'raman@Raman.(none)')

raman@Raman MINGW64 ~/OneDrive/Desktop/Code/Bits Pilani/Semester_4/Dissertation/Smart_Fitness_Assistant (master)
$ git config --global user.email "ramansehgal174@gmail.com"

raman@Raman MINGW64 ~/OneDrive/Desktop/Code/Bits Pilani/Semester_4/Dissertation/Smart_Fitness_Assistant (master)
$ git config --global user.name "Ramansehgal"

raman@Raman MINGW64 ~/OneDrive/Desktop/Code/Bits Pilani/Semester_4/Dissertation/Smart_Fitness_Assistant (master)
$ git status
On branch master

No commits yet

Untracked files:
  (use "git add <file>..." to include in what will be committed)
        Notes.txt

nothing added to commit but untracked files present (use "git add" to track)

raman@Raman MINGW64 ~/OneDrive/Desktop/Code/Bits Pilani/Semester_4/Dissertation/Smart_Fitness_Assistant (master)
$ git add .

raman@Raman MINGW64 ~/OneDrive/Desktop/Code/Bits Pilani/Semester_4/Dissertation/Smart_Fitness_Assistant (master)
$ git status
On branch master

No commits yet

Changes to be committed:
  (use "git rm --cached <file>..." to unstage)
        new file:   Notes.txt


raman@Raman MINGW64 ~/OneDrive/Desktop/Code/Bits Pilani/Semester_4/Dissertation/Smart_Fitness_Assistant (master)
$ git commit -m "Inital Git Understanding"
[master (root-commit) c9d1c0b] Inital Git Understanding
 1 file changed, 62 insertions(+)
 create mode 100644 Notes.txt

raman@Raman MINGW64 ~/OneDrive/Desktop/Code/Bits Pilani/Semester_4/Dissertation/Smart_Fitness_Assistant (master)
$ git status
On branch master
Changes not staged for commit:
  (use "git add <file>..." to update what will be committed)
  (use "git restore <file>..." to discard changes in working directory)
        modified:   Notes.txt

no changes added to commit (use "git add" and/or "git commit -a")

raman@Raman MINGW64 ~/OneDrive/Desktop/Code/Bits Pilani/Semester_4/Dissertation/Smart_Fitness_Assistant (master)
$ git add .

raman@Raman MINGW64 ~/OneDrive/Desktop/Code/Bits Pilani/Semester_4/Dissertation/Smart_Fitness_Assistant (master)
$ git status
On branch master
Changes to be committed:
  (use "git restore --staged <file>..." to unstage)
        modified:   Notes.txt


raman@Raman MINGW64 ~/OneDrive/Desktop/Code/Bits Pilani/Semester_4/Dissertation/Smart_Fitness_Assistant (master)
$ git commit -m "Initial Git Understanding"
[master 4a357cc] Initial Git Understanding
 1 file changed, 20 insertions(+), 1 deletion(-)

raman@Raman MINGW64 ~/OneDrive/Desktop/Code/Bits Pilani/Semester_4/Dissertation/Smart_Fitness_Assistant (master)
$ git status
On branch master
nothing to commit, working tree clean

raman@Raman MINGW64 ~/OneDrive/Desktop/Code/Bits Pilani/Semester_4/Dissertation/Smart_Fitness_Assistant (master)
$ git push -u origin master
info: please complete authentication in your browser...
Enumerating objects: 6, done.
Counting objects: 100% (6/6), done.
Delta compression using up to 20 threads
Compressing objects: 100% (4/4), done.
Writing objects: 100% (6/6), 1.38 KiB | 1.38 MiB/s, done.
Total 6 (delta 1), reused 0 (delta 0), pack-reused 0 (from 0)
remote: Resolving deltas: 100% (1/1), done.
remote:
remote: Create a pull request for 'master' on GitHub by visiting:
remote:      https://github.com/Ramansehgal/Fitness_Assistant/pull/new/master
remote:
To https://github.com/Ramansehgal/Fitness_Assistant.git
 * [new branch]      master -> master
branch 'master' set up to track 'origin/master'.

raman@Raman MINGW64 ~/OneDrive/Desktop/Code/Bits Pilani/Semester_4/Dissertation/Smart_Fitness_Assistant (master)
$ git push -u origin main
error: src refspec main does not match any
error: failed to push some refs to 'https://github.com/Ramansehgal/Fitness_Assistant.git'

raman@Raman MINGW64 ~/OneDrive/Desktop/Code/Bits Pilani/Semester_4/Dissertation/Smart_Fitness_Assistant (master)
$ git checkout main
branch 'main' set up to track 'origin/main'.
Switched to a new branch 'main'

raman@Raman MINGW64 ~/OneDrive/Desktop/Code/Bits Pilani/Semester_4/Dissertation/Smart_Fitness_Assistant (main)
$ git push -u origin main
branch 'main' set up to track 'origin/main'.
Everything up-to-date

raman@Raman MINGW64 ~/OneDrive/Desktop/Code/Bits Pilani/Semester_4/Dissertation/Smart_Fitness_Assistant (main)