------------------------------------------------------------------------------------------------------------------------------------
raman@Raman MINGW64 ~/OneDrive/Desktop/Code/Bits Pilani/Semester_4/Dissertation/Smart_Fitness_Assistant
$ git init
Initialized empty Git repository in C:/Users/raman/OneDrive/Desktop/Code/Bits Pilani/Semester_4/Dissertation/Smart_Fitness_Assistant/.git/


------------------------------------------------------------------------------------------------------------------------------------
raman@Raman MINGW64 ~/OneDrive/Desktop/Code/Bits Pilani/Semester_4/Dissertation/Smart_Fitness_Assistant (master)
$ git remote add origin https://github.com/Ramansehgal/Fitness_Assistant.git


------------------------------------------------------------------------------------------------------------------------------------
raman@Raman MINGW64 ~/OneDrive/Desktop/Code/Bits Pilani/Semester_4/Dissertation/Smart_Fitness_Assistant (master)
$ git pull
remote: Enumerating objects: 4, done.
remote: Counting objects: 100% (4/4), done.
remote: Compressing objects: 100% (4/4), done.
remote: Total 4 (delta 0), reused 0 (delta 0), pack-reused 0 (from 0)
Unpacking objects: 100% (4/4), 1.55 KiB | 264.00 KiB/s, done.
From https://github.com/Ramansehgal/Fitness_Assistant
 * [new branch]      main       -> origin/main
There is no tracking information for the current branch.
Please specify which branch you want to merge with.
See git-pull(1) for details.

    git pull <remote> <branch>

If you wish to set tracking information for this branch you can do so with:

    git branch --set-upstream-to=origin/<branch> master



------------------------------------------------------------------------------------------------------------------------------------
raman@Raman MINGW64 ~/OneDrive/Desktop/Code/Bits Pilani/Semester_4/Dissertation/Smart_Fitness_Assistant (master)
$ git status
On branch master

No commits yet

Untracked files:
  (use "git add <file>..." to include in what will be committed)
        Notes.txt

nothing added to commit but untracked files present (use "git add" to track)

------------------------------------------------------------------------------------------------------------------------------------
raman@Raman MINGW64 ~/OneDrive/Desktop/Code/Bits Pilani/Semester_4/Dissertation/Smart_Fitness_Assistant (master)
raman@Raman MINGW64 ~/OneDrive/Desktop/Code/Bits Pilani/Semester_4/Dissertation/Smart_Fitness_Assistant (master)
$ git commit -m "git_setupstatus"
Author identity unknown

*** Please tell me who you are.

Run

  git config --global user.email "you@example.com"
  git config --global user.name "Your Name"

to set your account's default identity.
Omit --global to set the identity only in this repository.

fatal: unable to auto-detect email address (got 'raman@Raman.(none)')


------------------------------------------------------------------------------------------------------------------------------------
raman@Raman MINGW64 ~/OneDrive/Desktop/Code/Bits Pilani/Semester_4/Dissertation/Smart_Fitness_Assistant (master)
$ git config --global user.email "ramansehgal174@gmail.com"
raman@Raman MINGW64 ~/OneDrive/Desktop/Code/Bits Pilani/Semester_4/Dissertation/Smart_Fitness_Assistant (master)
$ git config --global user.name "Ramansehgal"
raman@Raman MINGW64 ~/OneDrive/Desktop/Code/Bits Pilani/Semester_4/Dissertation/Smart_Fitness_Assistant (master)
$ git add .


------------------------------------------------------------------------------------------------------------------------------------
raman@Raman MINGW64 ~/OneDrive/Desktop/Code/Bits Pilani/Semester_4/Dissertation/Smart_Fitness_Assistant (master)
$ git status
On branch master

No commits yet

Changes to be committed:
  (use "git rm --cached <file>..." to unstage)
        new file:   Notes.txt


------------------------------------------------------------------------------------------------------------------------------------
raman@Raman MINGW64 ~/OneDrive/Desktop/Code/Bits Pilani/Semester_4/Dissertation/Smart_Fitness_Assistant (master)
$ git commit -m "Inital Git Understanding"
[master (root-commit) c9d1c0b] Inital Git Understanding
 1 file changed, 62 insertions(+)
 create mode 100644 Notes.txt


------------------------------------------------------------------------------------------------------------------------------------
 raman@Raman MINGW64 ~/OneDrive/Desktop/Code/Bits Pilani/Semester_4/Dissertation/Smart_Fitness_Assistant (master)
$ git commit -m "git_setupstatus"
Author identity unknown

*** Please tell me who you are.

Run

  git config --global user.email "you@example.com"
  git config --global user.name "Your Name"

to set your account's default identity.
Omit --global to set the identity only in this repository.

fatal: unable to auto-detect email address (got 'raman@Raman.(none)')



------------------------------------------------------------------------------------------------------------------------------------
raman@Raman MINGW64 ~/OneDrive/Desktop/Code/Bits Pilani/Semester_4/Dissertation/Smart_Fitness_Assistant (master)
$ git config --global user.email "ramansehgal174@gmail.com"
raman@Raman MINGW64 ~/OneDrive/Desktop/Code/Bits Pilani/Semester_4/Dissertation/Smart_Fitness_Assistant (master)
$ git config --global user.name "Ramansehgal"


------------------------------------------------------------------------------------------------------------------------------------
raman@Raman MINGW64 ~/OneDrive/Desktop/Code/Bits Pilani/Semester_4/Dissertation/Smart_Fitness_Assistant (master)
$ git status
On branch master

No commits yet

Untracked files:
  (use "git add <file>..." to include in what will be committed)
        Notes.txt

nothing added to commit but untracked files present (use "git add" to track)

raman@Raman MINGW64 ~/OneDrive/Desktop/Code/Bits Pilani/Semester_4/Dissertation/Smart_Fitness_Assistant (master)
$ git add .

raman@Raman MINGW64 ~/OneDrive/Desktop/Code/Bits Pilani/Semester_4/Dissertation/Smart_Fitness_Assistant (master)
$ git status
On branch master

No commits yet

Changes to be committed:
  (use "git rm --cached <file>..." to unstage)
        new file:   Notes.txt



------------------------------------------------------------------------------------------------------------------------------------
raman@Raman MINGW64 ~/OneDrive/Desktop/Code/Bits Pilani/Semester_4/Dissertation/Smart_Fitness_Assistant (master)
$ git commit -m "Inital Git Understanding"
[master (root-commit) c9d1c0b] Inital Git Understanding
 1 file changed, 62 insertions(+)
 create mode 100644 Notes.txt



------------------------------------------------------------------------------------------------------------------------------------
raman@Raman MINGW64 ~/OneDrive/Desktop/Code/Bits Pilani/Semester_4/Dissertation/Smart_Fitness_Assistant (master)
$ git status
On branch master
Changes not staged for commit:
  (use "git add <file>..." to update what will be committed)
  (use "git restore <file>..." to discard changes in working directory)
        modified:   Notes.txt

no changes added to commit (use "git add" and/or "git commit -a")

raman@Raman MINGW64 ~/OneDrive/Desktop/Code/Bits Pilani/Semester_4/Dissertation/Smart_Fitness_Assistant (master)
$ git add .

raman@Raman MINGW64 ~/OneDrive/Desktop/Code/Bits Pilani/Semester_4/Dissertation/Smart_Fitness_Assistant (master)
$ git status
On branch master
Changes to be committed:
  (use "git restore --staged <file>..." to unstage)
        modified:   Notes.txt



------------------------------------------------------------------------------------------------------------------------------------
raman@Raman MINGW64 ~/OneDrive/Desktop/Code/Bits Pilani/Semester_4/Dissertation/Smart_Fitness_Assistant (master)
$ git commit -m "Initial Git Understanding"
[master 4a357cc] Initial Git Understanding
 1 file changed, 20 insertions(+), 1 deletion(-)

raman@Raman MINGW64 ~/OneDrive/Desktop/Code/Bits Pilani/Semester_4/Dissertation/Smart_Fitness_Assistant (master)
$ git status
On branch master
nothing to commit, working tree clean



------------------------------------------------------------------------------------------------------------------------------------
raman@Raman MINGW64 ~/OneDrive/Desktop/Code/Bits Pilani/Semester_4/Dissertation/Smart_Fitness_Assistant (master)
$ git push -u origin master
info: please complete authentication in your browser...
Enumerating objects: 6, done.
Counting objects: 100% (6/6), done.
Delta compression using up to 20 threads
Compressing objects: 100% (4/4), done.
Writing objects: 100% (6/6), 1.38 KiB | 1.38 MiB/s, done.
Total 6 (delta 1), reused 0 (delta 0), pack-reused 0 (from 0)
remote: Resolving deltas: 100% (1/1), done.
remote:
remote: Create a pull request for 'master' on GitHub by visiting:
remote:      https://github.com/Ramansehgal/Fitness_Assistant/pull/new/master
remote:
To https://github.com/Ramansehgal/Fitness_Assistant.git
 * [new branch]      master -> master
branch 'master' set up to track 'origin/master'.



------------------------------------------------------------------------------------------------------------------------------------
raman@Raman MINGW64 ~/OneDrive/Desktop/Code/Bits Pilani/Semester_4/Dissertation/Smart_Fitness_Assistant (master)
$ git push -u origin main
error: src refspec main does not match any
error: failed to push some refs to 'https://github.com/Ramansehgal/Fitness_Assistant.git'



------------------------------------------------------------------------------------------------------------------------------------
raman@Raman MINGW64 ~/OneDrive/Desktop/Code/Bits Pilani/Semester_4/Dissertation/Smart_Fitness_Assistant (master)
$ git checkout main
branch 'main' set up to track 'origin/main'.
Switched to a new branch 'main'



------------------------------------------------------------------------------------------------------------------------------------
raman@Raman MINGW64 ~/OneDrive/Desktop/Code/Bits Pilani/Semester_4/Dissertation/Smart_Fitness_Assistant (main)
$ git push -u origin main
branch 'main' set up to track 'origin/main'.
Everything up-to-date

raman@Raman MINGW64 ~/OneDrive/Desktop/Code/Bits Pilani/Semester_4/Dissertation/Smart_Fitness_Assistant (main)

















"" Git Notes after submitting commit post Dissertation Completion ""
##########################################################################################################

PS C:\Users\raman\OneDrive\Desktop\Code\Bits Pilani\Semester_4\Dissertation\Smart_Fitness_Assistant> git status                      
On branch main
Your branch is up to date with 'origin/main'.

Changes not staged for commit:
  (use "git add <file>..." to update what will be committed)
  (use "git restore <file>..." to discard changes in working directory)
  (use "git restore <file>..." to discard changes in working directory)
  (use "git restore <file>..." to discard changes in working directory)
  (use "git restore <file>..." to discard changes in working directory)
        modified:   .gitignore
        modified:   src/Video_Controller.py
        modified:   src/feature_extractor.py
        modified:   src/video_segmentation.py

Untracked files:
  (use "git add <file>..." to include in what will be committed)
        src/Exercise_Feedback_Pipeline.py
        src/Knowledge_Ingestor.py
        src/Knowledge_Retriever.py
        src/LLM_Feedback.py
        src/Output.txt
        src/motion_analyzer.py

no changes added to commit (use "git add" and/or "git commit -a")
PS C:\Users\raman\OneDrive\Desktop\Code\Bits Pilani\Semester_4\Dissertation\Smart_Fitness_Assistant> git add . 
PS C:\Users\raman\OneDrive\Desktop\Code\Bits Pilani\Semester_4\Dissertation\Smart_Fitness_Assistant> git status
On branch main
Your branch is up to date with 'origin/main'.

Changes to be committed:
  (use "git restore --staged <file>..." to unstage)
        modified:   .gitignore
        new file:   src/Exercise_Feedback_Pipeline.py
        new file:   src/Knowledge_Ingestor.py
        new file:   src/Knowledge_Retriever.py
        new file:   src/LLM_Feedback.py
        new file:   src/Output.txt
        modified:   src/Video_Controller.py
        modified:   src/feature_extractor.py
        new file:   src/motion_analyzer.py
        modified:   src/video_segmentation.py

PS C:\Users\raman\OneDrive\Desktop\Code\Bits Pilani\Semester_4\Dissertation\Smart_Fitness_Assistant> git commit -m "Feedback Pipeline and Motion Analyzer"
[main cf51b3f] Feedback Pipeline and Motion Analyzer
 10 files changed, 2869 insertions(+), 19 deletions(-)
 create mode 100644 src/Exercise_Feedback_Pipeline.py
 create mode 100644 src/Knowledge_Ingestor.py
 create mode 100644 src/Knowledge_Retriever.py
 create mode 100644 src/LLM_Feedback.py
 create mode 100644 src/Output.txt
 create mode 100644 src/motion_analyzer.py
PS C:\Users\raman\OneDrive\Desktop\Code\Bits Pilani\Semester_4\Dissertation\Smart_Fitness_Assistant> git status
On branch main
Your branch is ahead of 'origin/main' by 1 commit.
  (use "git push" to publish your local commits)

nothing to commit, working tree clean
PS C:\Users\raman\OneDrive\Desktop\Code\Bits Pilani\Semester_4\Dissertation\Smart_Fitness_Assistant> git push -u origin main
Enumerating objects: 19, done.
Counting objects: 100% (19/19), done.
Delta compression using up to 20 threads
Compressing objects: 100% (13/13), done.
Writing objects: 100% (13/13), 33.58 KiB | 5.60 MiB/s, done.
Total 13 (delta 2), reused 0 (delta 0), pack-reused 0 (from 0)
remote: Resolving deltas: 100% (2/2), completed with 2 local objects.
To https://github.com/Ramansehgal/Fitness_Assistant.git
   fca971a..cf51b3f  main -> main
branch 'main' set up to track 'origin/main'.
PS C:\Users\raman\OneDrive\Desktop\Code\Bits Pilani\Semester_4\Dissertation\Smart_Fitness_Assistant> 


